
> therapy-platform@0.1.0 build
> next build

   ▲ Next.js 15.3.7
   - Environments: .env.local, .env

   Creating an optimized production build ...
 ✓ Compiled successfully in 4.0s
   Linting and checking validity of types ...

Failed to compile.

./src/app/(web)/booking/[id]/page.tsx
48:6  Warning: React Hook useEffect has a missing dependency: 'fetchTherapist'. Either include it or remove the dependency array.  react-hooks/exhaustive-deps

./src/app/(web)/psychologists/page.tsx
34:6  Warning: React Hook useEffect has a missing dependency: 'fetchTherapists'. Either include it or remove the dependency array.  react-hooks/exhaustive-deps

./src/app/(web)/services/page.tsx
19:6  Warning: React Hook useEffect has a missing dependency: 'fetchServices'. Either include it or remove the dependency array.  react-hooks/exhaustive-deps

./src/app/admin/appointments/page.tsx
60:6  Warning: React Hook useEffect has a missing dependency: 'filterAppointments'. Either include it or remove the dependency array.  react-hooks/exhaustive-deps

./src/app/admin/settings/page.tsx
87:6  Warning: React Hook useEffect has a missing dependency: 'fetchSettings'. Either include it or remove the dependency array.  react-hooks/exhaustive-deps

./src/app/admin/therapists/[therapistId]/page.tsx
94:6  Warning: React Hook useEffect has a missing dependency: 'fetchTherapistDetail'. Either include it or remove the dependency array.  react-hooks/exhaustive-deps

./src/app/admin/therapists/page.tsx
46:6  Warning: React Hook useEffect has a missing dependency: 'filterTherapists'. Either include it or remove the dependency array.  react-hooks/exhaustive-deps

./src/app/client/appointments/page.tsx
35:6  Warning: React Hook useEffect has a missing dependency: 'loadAppointments'. Either include it or remove the dependency array.  react-hooks/exhaustive-deps

./src/app/specialized-support/page.tsx
128:9  Warning: Using `<img>` could result in slower LCP and higher bandwidth. Consider using `<Image />` from `next/image` or a custom image loader to automatically optimize images. This may incur additional usage or cost from your provider. See: https://nextjs.org/docs/messages/no-img-element  @next/next/no-img-element
144:13  Error: Do not use an `<a>` element to navigate to `/psychologists/`. Use `<Link />` from `next/link` instead. See: https://nextjs.org/docs/messages/no-html-link-for-pages  @next/next/no-html-link-for-pages
172:17  Error: Do not use an `<a>` element to navigate to `/psychologists/`. Use `<Link />` from `next/link` instead. See: https://nextjs.org/docs/messages/no-html-link-for-pages  @next/next/no-html-link-for-pages
200:19  Warning: Using `<img>` could result in slower LCP and higher bandwidth. Consider using `<Image />` from `next/image` or a custom image loader to automatically optimize images. This may incur additional usage or cost from your provider. See: https://nextjs.org/docs/messages/no-img-element  @next/next/no-img-element
230:19  Warning: Using `<img>` could result in slower LCP and higher bandwidth. Consider using `<Image />` from `next/image` or a custom image loader to automatically optimize images. This may incur additional usage or cost from your provider. See: https://nextjs.org/docs/messages/no-img-element  @next/next/no-img-element
260:19  Warning: Using `<img>` could result in slower LCP and higher bandwidth. Consider using `<Image />` from `next/image` or a custom image loader to automatically optimize images. This may incur additional usage or cost from your provider. See: https://nextjs.org/docs/messages/no-img-element  @next/next/no-img-element
290:19  Warning: Using `<img>` could result in slower LCP and higher bandwidth. Consider using `<Image />` from `next/image` or a custom image loader to automatically optimize images. This may incur additional usage or cost from your provider. See: https://nextjs.org/docs/messages/no-img-element  @next/next/no-img-element

./src/app/therapist/clients/page.tsx
48:6  Warning: React Hook useEffect has a missing dependency: 'fetchClients'. Either include it or remove the dependency array.  react-hooks/exhaustive-deps

./src/app/therapist/payouts/page.tsx
64:6  Warning: React Hook useEffect has a missing dependency: 'fetchPayouts'. Either include it or remove the dependency array.  react-hooks/exhaustive-deps

./src/app/therapist/profile/page.tsx
130:6  Warning: React Hook useEffect has a missing dependency: 'loadProfileData'. Either include it or remove the dependency array.  react-hooks/exhaustive-deps

./src/app/therapist/schedule/page-redesign.tsx
43:6  Warning: React Hook useEffect has a missing dependency: 'loadScheduleData'. Either include it or remove the dependency array.  react-hooks/exhaustive-deps

./src/app/therapist/schedule/page.tsx
70:6  Warning: React Hook useEffect has a missing dependency: 'loadScheduleData'. Either include it or remove the dependency array.  react-hooks/exhaustive-deps

./src/app/therapist/settings/page.tsx
122:6  Warning: React Hook useEffect has a missing dependency: 'fetchProfile'. Either include it or remove the dependency array.  react-hooks/exhaustive-deps

./src/components/booking/BookingCalendar.tsx
67:6  Warning: React Hook useMemo has an unnecessary dependency: 'availability'. Either exclude it or remove the dependency array.  react-hooks/exhaustive-deps

./src/components/booking/BookingConfirmation.tsx
67:6  Warning: React Hook useEffect has a missing dependency: 'loadTherapistInfo'. Either include it or remove the dependency array.  react-hooks/exhaustive-deps

./src/components/booking/TimeSlotSelector.tsx
93:6  Warning: React Hook useEffect has a missing dependency: 'loadAvailableSlots'. Either include it or remove the dependency array.  react-hooks/exhaustive-deps

./src/components/home/GlassEmotionalJourneySection.tsx
44:39  Warning: The ref value 'sectionRef.current' will likely have changed by the time this effect cleanup function runs. If this ref points to a node rendered by React, copy 'sectionRef.current' to a variable inside the effect, and use that variable in the cleanup function.  react-hooks/exhaustive-deps

./src/components/home/GlassFAQSection.tsx
46:19  Warning: Using `<img>` could result in slower LCP and higher bandwidth. Consider using `<Image />` from `next/image` or a custom image loader to automatically optimize images. This may incur additional usage or cost from your provider. See: https://nextjs.org/docs/messages/no-img-element  @next/next/no-img-element

./src/components/home/GlassHeroSection.tsx
94:17  Warning: Using `<img>` could result in slower LCP and higher bandwidth. Consider using `<Image />` from `next/image` or a custom image loader to automatically optimize images. This may incur additional usage or cost from your provider. See: https://nextjs.org/docs/messages/no-img-element  @next/next/no-img-element

./src/components/home/GlassMeditationSection.tsx
8:9  Warning: Using `<img>` could result in slower LCP and higher bandwidth. Consider using `<Image />` from `next/image` or a custom image loader to automatically optimize images. This may incur additional usage or cost from your provider. See: https://nextjs.org/docs/messages/no-img-element  @next/next/no-img-element
69:19  Warning: Using `<img>` could result in slower LCP and higher bandwidth. Consider using `<Image />` from `next/image` or a custom image loader to automatically optimize images. This may incur additional usage or cost from your provider. See: https://nextjs.org/docs/messages/no-img-element  @next/next/no-img-element

./src/components/home/GlassRelationshipSupportSection.tsx
18:17  Warning: Using `<img>` could result in slower LCP and higher bandwidth. Consider using `<Image />` from `next/image` or a custom image loader to automatically optimize images. This may incur additional usage or cost from your provider. See: https://nextjs.org/docs/messages/no-img-element  @next/next/no-img-element

./src/components/home/GlassSexualHealthSection.tsx
19:19  Warning: Using `<img>` could result in slower LCP and higher bandwidth. Consider using `<Image />` from `next/image` or a custom image loader to automatically optimize images. This may incur additional usage or cost from your provider. See: https://nextjs.org/docs/messages/no-img-element  @next/next/no-img-element

./src/components/home/GlassSpecializedSupportSection.tsx
138:15  Warning: Using `<img>` could result in slower LCP and higher bandwidth. Consider using `<Image />` from `next/image` or a custom image loader to automatically optimize images. This may incur additional usage or cost from your provider. See: https://nextjs.org/docs/messages/no-img-element  @next/next/no-img-element
189:15  Warning: Using `<img>` could result in slower LCP and higher bandwidth. Consider using `<Image />` from `next/image` or a custom image loader to automatically optimize images. This may incur additional usage or cost from your provider. See: https://nextjs.org/docs/messages/no-img-element  @next/next/no-img-element

./src/components/home/GlassSupportHandSection.tsx
66:17  Warning: Using `<img>` could result in slower LCP and higher bandwidth. Consider using `<Image />` from `next/image` or a custom image loader to automatically optimize images. This may incur additional usage or cost from your provider. See: https://nextjs.org/docs/messages/no-img-element  @next/next/no-img-element

./src/components/home/GlassTherapistSection.tsx
49:17  Warning: Using `<img>` could result in slower LCP and higher bandwidth. Consider using `<Image />` from `next/image` or a custom image loader to automatically optimize images. This may incur additional usage or cost from your provider. See: https://nextjs.org/docs/messages/no-img-element  @next/next/no-img-element

./src/components/therapist/DocumentUpload.tsx
220:14  Warning: Image elements must have an alt prop, either with meaningful text, or an empty string for decorative images.  jsx-a11y/alt-text

./src/components/video/VideoSession.tsx
78:6  Warning: React Hook useEffect has a missing dependency: 'handleLeaveSession'. Either include it or remove the dependency array.  react-hooks/exhaustive-deps

./src/lib/hooks/useAuth.tsx
101:6  Warning: React Hook useEffect has a missing dependency: 'refreshUserData'. Either include it or remove the dependency array.  react-hooks/exhaustive-deps
108:6  Warning: React Hook useEffect has a missing dependency: 'refreshUserData'. Either include it or remove the dependency array.  react-hooks/exhaustive-deps

./src/lib/hooks/useRealtimeAvailability.ts
254:6  Warning: React Hook useEffect has an unnecessary dependency: 'retryCountRef.current'. Either exclude it or remove the dependency array. Mutable values like 'retryCountRef.current' aren't valid dependencies because mutating them doesn't re-render the component.  react-hooks/exhaustive-deps

./src/lib/hooks/useRealtimeTherapistStatus.ts
134:6  Warning: React Hook useEffect has a missing dependency: 'getStatusText'. Either include it or remove the dependency array.  react-hooks/exhaustive-deps
171:5  Warning: React Hook useCallback has a missing dependency: 'formatLastSeen'. Either include it or remove the dependency array.  react-hooks/exhaustive-deps

./src/lib/hooks/useToast.ts
34:6  Warning: React Hook useCallback has a missing dependency: 'removeToast'. Either include it or remove the dependency array.  react-hooks/exhaustive-deps

info  - Need to disable some ESLint rules? Learn more here: https://nextjs.org/docs/app/api-reference/config/eslint#disabling-rules
